../Core/Src/main.c:205:8:CounterRestart	16	static
../Core/Src/main.c:162:5:main	136	static
../Core/Src/main.c:211:8:addToQueue	32	static
../Core/Src/main.c:232:11:scanKeyMatrix	24	static
../Core/Src/main.c:469:8:ClearBuffer	24	static
../Core/Src/main.c:474:8:ClearKey	24	static
../Core/Src/main.c:482:8:Send_Character	16	static
../Core/Src/main.c:493:8:Set_Character	16	static
../Core/Src/main.c:709:16:hashFunction	24	static
../Core/Src/main.c:717:8:insert	32	static
../Core/Src/main.c:740:15:search	24	static
../Core/Src/main.c:751:8:hashInit	32	static
../Core/Src/main.c:1788:8:sendBuffer	32	static
../Core/Src/main.c:1802:8:translation	24	static
../Core/Src/main.c:1812:8:BackSpace	24	static
../Core/Src/main.c:1826:8:allocateGate	32	static
../Core/Src/main.c:1904:8:selectionSort	40	static
../Core/Src/main.c:1963:6:SystemClock_Config	88	static
../Core/Src/main.c:2009:13:MX_TIM10_Init	8	static
../Core/Src/main.c:2040:13:MX_GPIO_Init	48	static
../Core/Src/main.c:2096:6:HAL_TIM_PeriodElapsedCallback	16	static
../Core/Src/main.c:2107:6:Error_Handler	4	static,ignoring_inline_asm
