../Core/Src/main.c:227:11:Scan_KeyMatrix	24	static
../Core/Src/main.c:162:5:main	184	static
../Core/Src/main.c:464:8:Clear_Buffer	24	static
../Core/Src/main.c:469:8:Send_Character	16	static
../Core/Src/main.c:484:8:Set_Character	16	static
../Core/Src/main.c:688:16:hashFunction	24	static
../Core/Src/main.c:696:8:insert	32	static
../Core/Src/main.c:706:15:search	24	static
../Core/Src/main.c:714:8:hashInit	32	static
../Core/Src/main.c:744:8:sendBuffer	32	static
../Core/Src/main.c:758:8:translation	24	static
../Core/Src/main.c:767:8:CounterRestart	16	static
../Core/Src/main.c:774:8:Send_Gate	32	static
../Core/Src/main.c:1064:6:SystemClock_Config	88	static
../Core/Src/main.c:1110:13:MX_TIM10_Init	8	static
../Core/Src/main.c:1141:13:MX_GPIO_Init	48	static
../Core/Src/main.c:1197:6:HAL_TIM_PeriodElapsedCallback	16	static
../Core/Src/main.c:1208:6:Error_Handler	4	static,ignoring_inline_asm
